// Jest Snapshot v1, https://goo.gl/fbAQLP

exports[`matches snapshot 1`] = `
<div
  data-testid="about-1"
>
  <p
    className="mb-5"
  >
    Lorem ipsum dolor sit amet, consectetur adipiscing elit. Sed do eiusmod tempor incididunt ut labore et dolore magna aliqua. Ut enim ad minim veniam, quis nostrud exercitation ullamco laboris nisi ut aliquip ex ea commodo consequat.
  </p>
  <p
    className="mb-5"
  >
    Duis aute irure dolor in reprehenderit in voluptate velit esse cillum dolore eu fugiat nulla pariatur. Excepteur sint occaecat cupidatat non proident, sunt in culpa qui officia deserunt mollit anim id est laborum.
  </p>
  <p
    className="mb-5"
  >
    Nullam sit amet purus ut erat dignissim congue. Fusce convallis hendrerit orci, id pulvinar odio volutpat eget. Proin consequat cursus tellus, ut fermentum est bibendum vel.
  </p>
</div>
`;
